# R6 live probe — one visit from a Google search, one from Twitter
site 34
track acks: 200 {"success":true} | 200 {"success":true}

GET /api/sites/34/metric?parameter=channel
  -> 200 {"data":{"data":[{"value":"Organic Search","count":1,"percentage":50,"pageviews":1,"pageviews_percentage":50,"bounce_rate":100},{"value":"Organic Social","count":1,"percentage":50,"pageviews":1,"pageviews_percentage":50,"bounce_rate":100}],"totalCount":2}}

  filter channel == "Search"           -> 200 sessions=0 pageviews=0 users=0
  filter channel == "Social"           -> 200 sessions=0 pageviews=0 users=0
  filter channel == "Organic Search"   -> 200 sessions=1 pageviews=1 users=1
  filter channel == "Organic Social"   -> 200 sessions=1 pageviews=1 users=1
  filter channel == "Referral"         -> 200 sessions=0 pageviews=0 users=0
  filter channel == "Direct"           -> 200 sessions=0 pageviews=0 users=0

clickhouse rows (channel / referrer):
  Organic Search	https://www.google.com/search?q=rybbit
  Organic Social	https://twitter.com/someone/status/1

=== R6 RESULT ===
{
  "siteId": 34,
  "storedChannels": [
    "Organic Search",
    "Organic Social"
  ],
  "filters": {
    "Search": {
      "status": 200,
      "sessions": 0,
      "pageviews": 0,
      "users": 0
    },
    "Social": {
      "status": 200,
      "sessions": 0,
      "pageviews": 0,
      "users": 0
    },
    "Organic Search": {
      "status": 200,
      "sessions": 1,
      "pageviews": 1,
      "users": 1
    },
    "Organic Social": {
      "status": 200,
      "sessions": 1,
      "pageviews": 1,
      "users": 1
    },
    "Referral": {
      "status": 200,
      "sessions": 0,
      "pageviews": 0,
      "users": 0
    },
    "Direct": {
      "status": 200,
      "sessions": 0,
      "pageviews": 0,
      "users": 0
    }
  },
  "clickhouse": [
    "Organic Search\thttps://www.google.com/search?q=rybbit",
    "Organic Social\thttps://twitter.com/someone/status/1"
  ]
}
